// Jest Snapshot v1, https://goo.gl/fbAQLP

exports[`Button.vue Render button with children 1`] = `
<button
  class="coa-btn coa-btn-blue coa-btn-normal coa-btn-base"
>
  
  
  
  Click Here
  
  
  
</button>
`;
